This is pdfTeX, Version 3.141592653-2.6-1.40.28 (MiKTeX 25.12) (preloaded format=pdflatex 2026.6.20)  16 AUG 2026 21:16
entering extended mode
 restricted \write18 enabled.
 %&-line parsing enabled.
**./FinPilot-Codveda-Internship-Documentation.tex
(FinPilot-Codveda-Internship-Documentation.tex
LaTeX2e <2025-11-01>
L3 programming layer <2025-12-24>
(C:\Users\sushi\AppData\Local\Programs\MiKTeX\tex/latex/base\report.cls
Document Class: report 2025/01/22 v1.4n Standard LaTeX document class
(C:\Users\sushi\AppData\Local\Programs\MiKTeX\tex/latex/base\size11.clo
File: size11.clo 2025/01/22 v1.4n Standard LaTeX file (size option)
)
\c@part=\count275
\c@chapter=\count276
\c@section=\count277
\c@subsection=\count278
\c@subsubsection=\count279
\c@paragraph=\count280
\c@subparagraph=\count281
\c@figure=\count282
\c@table=\count283
\abovecaptionskip=\skip49
\belowcaptionskip=\skip50
\bibindent=\dimen148
)
(C:\Users\sushi\AppData\Local\Programs\MiKTeX\tex/latex/base\fontenc.sty
Package: fontenc 2025/07/18 v2.1d Standard LaTeX package
)
(C:\Users\sushi\AppData\Local\Programs\MiKTeX\tex/latex/base\inputenc.sty
Package: inputenc 2024/02/08 v1.3d Input encoding file
\inpenc@prehook=\toks17
\inpenc@posthook=\toks18
)
(C:\Users\sushi\AppData\Local\Programs\MiKTeX\tex/latex/lm\lmodern.sty
Package: lmodern 2015/05/01 v1.6.1 Latin Modern Fonts
LaTeX Font Info:    Overwriting symbol font `operators' in version `normal'
(Font)                  OT1/cmr/m/n --> OT1/lmr/m/n on input line 22.
LaTeX Font Info:    Overwriting symbol font `letters' in version `normal'
(Font)                  OML/cmm/m/it --> OML/lmm/m/it on input line 23.
LaTeX Font Info:    Overwriting symbol font `symbols' in version `normal'
(Font)                  OMS/cmsy/m/n --> OMS/lmsy/m/n on input line 24.
LaTeX Font Info:    Overwriting symbol font `largesymbols' in version `normal'
(Font)                  OMX/cmex/m/n --> OMX/lmex/m/n on input line 25.
LaTeX Font Info:    Overwriting symbol font `operators' in version `bold'
(Font)                  OT1/cmr/bx/n --> OT1/lmr/bx/n on input line 26.
LaTeX Font Info:    Overwriting symbol font `letters' in version `bold'
(Font)                  OML/cmm/b/it --> OML/lmm/b/it on input line 27.
LaTeX Font Info:    Overwriting symbol font `symbols' in version `bold'
(Font)                  OMS/cmsy/b/n --> OMS/lmsy/b/n on input line 28.
LaTeX Font Info:    Overwriting symbol font `largesymbols' in version `bold'
(Font)                  OMX/cmex/m/n --> OMX/lmex/m/n on input line 29.
LaTeX Font Info:    Overwriting math alphabet `\mathbf' in version `normal'
(Font)                  OT1/cmr/bx/n --> OT1/lmr/bx/n on input line 31.
LaTeX Font Info:    Overwriting math alphabet `\mathsf' in version `normal'
(Font)                  OT1/cmss/m/n --> OT1/lmss/m/n on input line 32.
LaTeX Font Info:    Overwriting math alphabet `\mathit' in version `normal'
(Font)                  OT1/cmr/m/it --> OT1/lmr/m/it on input line 33.
LaTeX Font Info:    Overwriting math alphabet `\mathtt' in version `normal'
(Font)                  OT1/cmtt/m/n --> OT1/lmtt/m/n on input line 34.
LaTeX Font Info:    Overwriting math alphabet `\mathbf' in version `bold'
(Font)                  OT1/cmr/bx/n --> OT1/lmr/bx/n on input line 35.
LaTeX Font Info:    Overwriting math alphabet `\mathsf' in version `bold'
(Font)                  OT1/cmss/bx/n --> OT1/lmss/bx/n on input line 36.
LaTeX Font Info:    Overwriting math alphabet `\mathit' in version `bold'
(Font)                  OT1/cmr/bx/it --> OT1/lmr/bx/it on input line 37.
LaTeX Font Info:    Overwriting math alphabet `\mathtt' in version `bold'
(Font)                  OT1/cmtt/m/n --> OT1/lmtt/m/n on input line 38.
)
(D:\New folder\tex/latex/geometry\geometry.sty
Package: geometry 2020/01/02 v5.9 Page Geometry

(C:\Users\sushi\AppData\Local\Programs\MiKTeX\tex/latex/graphics\keyval.sty
Package: keyval 2022/05/29 v1.15 key=value parser (DPC)
\KV@toks@=\toks19
)
(C:\Users\sushi\AppData\Local\Programs\MiKTeX\tex/generic/iftex\ifvtex.sty
Package: ifvtex 2019/10/25 v1.7 ifvtex legacy package. Use iftex instead.

(C:\Users\sushi\AppData\Local\Programs\MiKTeX\tex/generic/iftex\iftex.sty
Package: iftex 2024/12/12 v1.0g TeX engine tests
))
\Gm@cnth=\count284
\Gm@cntv=\count285
\c@Gm@tempcnt=\count286
\Gm@bindingoffset=\dimen149
\Gm@wd@mp=\dimen150
\Gm@odd@mp=\dimen151
\Gm@even@mp=\dimen152
\Gm@layoutwidth=\dimen153
\Gm@layoutheight=\dimen154
\Gm@layouthoffset=\dimen155
\Gm@layoutvoffset=\dimen156
\Gm@dimlist=\toks20

(D:\New folder\tex/latex/geometry\geometry.cfg))
(C:\Users\sushi\AppData\Local\Programs\MiKTeX\tex/latex/graphics\graphicx.sty
Package: graphicx 2024/12/31 v1.2e Enhanced LaTeX Graphics (DPC,SPQR)

(C:\Users\sushi\AppData\Local\Programs\MiKTeX\tex/latex/graphics\graphics.sty
Package: graphics 2024/08/06 v1.4g Standard LaTeX Graphics (DPC,SPQR)

(C:\Users\sushi\AppData\Local\Programs\MiKTeX\tex/latex/graphics\trig.sty
Package: trig 2023/12/02 v1.11 sin cos tan (DPC)
)
(C:\Users\sushi\AppData\Local\Programs\MiKTeX\tex/latex/graphics-cfg\graphics.c
fg
File: graphics.cfg 2016/06/04 v1.11 sample graphics configuration
)
Package graphics Info: Driver file: pdftex.def on input line 106.

(C:\Users\sushi\AppData\Local\Programs\MiKTeX\tex/latex/graphics-def\pdftex.def
File: pdftex.def 2025/09/29 v1.2d Graphics/color driver for pdftex
))
\Gin@req@height=\dimen157
\Gin@req@width=\dimen158
) (C:\Users\sushi\AppData\Local\Programs\MiKTeX\tex/latex/xcolor\xcolor.sty
Package: xcolor 2024/09/29 v3.02 LaTeX color extensions (UK)

(C:\Users\sushi\AppData\Local\Programs\MiKTeX\tex/latex/graphics-cfg\color.cfg
File: color.cfg 2016/01/02 v1.6 sample color configuration
)
Package xcolor Info: Driver file: pdftex.def on input line 274.
(C:\Users\sushi\AppData\Local\Programs\MiKTeX\tex/latex/graphics\mathcolor.ltx)
Package xcolor Info: Model `cmy' substituted by `cmy0' on input line 1349.
Package xcolor Info: Model `hsb' substituted by `rgb' on input line 1353.
Package xcolor Info: Model `RGB' extended on input line 1365.
Package xcolor Info: Model `HTML' substituted by `rgb' on input line 1367.
Package xcolor Info: Model `Hsb' substituted by `hsb' on input line 1368.
Package xcolor Info: Model `tHsb' substituted by `hsb' on input line 1369.
Package xcolor Info: Model `HSB' substituted by `hsb' on input line 1370.
Package xcolor Info: Model `Gray' substituted by `gray' on input line 1371.
Package xcolor Info: Model `wave' substituted by `hsb' on input line 1372.
) (D:\New folder\tex/latex/titlesec\titlesec.sty
Package: titlesec 2025/01/04 v2.17 Sectioning titles
\ttl@box=\box53
\beforetitleunit=\skip51
\aftertitleunit=\skip52
\ttl@plus=\dimen159
\ttl@minus=\dimen160
\ttl@toksa=\toks21
\titlewidth=\dimen161
\titlewidthlast=\dimen162
\titlewidthfirst=\dimen163
)
(D:\New folder\tex/latex/fancyhdr\fancyhdr.sty
Package: fancyhdr 2025/02/07 v5.2 Extensive control of page headers and footers

\f@nch@headwidth=\skip53
\f@nch@offset@elh=\skip54
\f@nch@offset@erh=\skip55
\f@nch@offset@olh=\skip56
\f@nch@offset@orh=\skip57
\f@nch@offset@elf=\skip58
\f@nch@offset@erf=\skip59
\f@nch@offset@olf=\skip60
\f@nch@offset@orf=\skip61
\f@nch@height=\skip62
\f@nch@footalignment=\skip63
\f@nch@widthL=\skip64
\f@nch@widthC=\skip65
\f@nch@widthR=\skip66
\@temptokenb=\toks22
)
(D:\New folder\tex/latex/booktabs\booktabs.sty
Package: booktabs 2020/01/12 v1.61803398 Publication quality tables
\heavyrulewidth=\dimen164
\lightrulewidth=\dimen165
\cmidrulewidth=\dimen166
\belowrulesep=\dimen167
\belowbottomsep=\dimen168
\aboverulesep=\dimen169
\abovetopsep=\dimen170
\cmidrulesep=\dimen171
\cmidrulekern=\dimen172
\defaultaddspace=\dimen173
\@cmidla=\count287
\@cmidlb=\count288
\@aboverulesep=\dimen174
\@belowrulesep=\dimen175
\@thisruleclass=\count289
\@lastruleclass=\count290
\@thisrulewidth=\dimen176
)
(C:\Users\sushi\AppData\Local\Programs\MiKTeX\tex/latex/tools\array.sty
Package: array 2025/09/25 v2.6n Tabular extension package (FMi)
\col@sep=\dimen177
\ar@mcellbox=\box54
\extrarowheight=\dimen178
\NC@list=\toks23
\extratabsurround=\skip67
\backup@length=\skip68
\ar@cellbox=\box55
)
(C:\Users\sushi\AppData\Local\Programs\MiKTeX\tex/latex/tools\longtable.sty
Package: longtable 2025-10-13 v4.24 Multi-page Table package (DPC)
\LTleft=\skip69
\LTright=\skip70
\LTpre=\skip71
\LTpost=\skip72
\LTchunksize=\count291
\LTcapwidth=\dimen179
\LT@head=\box56
\LT@firsthead=\box57
\LT@foot=\box58
\LT@lastfoot=\box59
\LT@gbox=\box60
\LT@cols=\count292
\LT@rows=\count293
\c@LT@tables=\count294
\c@LT@chunks=\count295
\LT@p@ftn=\toks24
)
(C:\Users\sushi\AppData\Local\Programs\MiKTeX\tex/latex/tools\tabularx.sty
Package: tabularx 2023/12/11 v2.12a `tabularx' package (DPC)
\TX@col@width=\dimen180
\TX@old@table=\dimen181
\TX@old@col=\dimen182
\TX@target=\dimen183
\TX@delta=\dimen184
\TX@cols=\count296
\TX@ftn=\toks25
)
(D:\New folder\tex/latex/enumitem\enumitem.sty
Package: enumitem 2025/02/06 v3.11 Customized lists
\labelindent=\skip73
\enit@outerparindent=\dimen185
\enit@toks=\toks26
\enit@inbox=\box61
\enit@count@id=\count297
\enitdp@description=\count298
)
(D:\New folder\tex/latex/caption\caption.sty
Package: caption 2023/08/05 v3.6o Customizing captions (AR)

(D:\New folder\tex/latex/caption\caption3.sty
Package: caption3 2023/07/31 v2.4d caption3 kernel (AR)
\caption@tempdima=\dimen186
\captionmargin=\dimen187
\caption@leftmargin=\dimen188
\caption@rightmargin=\dimen189
\caption@width=\dimen190
\caption@indent=\dimen191
\caption@parindent=\dimen192
\caption@hangindent=\dimen193
Package caption Info: Standard document class detected.
)
\c@caption@flags=\count299
\c@continuedfloat=\count300
Package caption Info: longtable package is loaded.

(D:\New folder\tex/latex/caption\ltcaption.sty
Package: ltcaption 2021/01/08 v1.4c longtable captions (AR)
))
(C:\Users\sushi\AppData\Local\Programs\MiKTeX\tex/latex/listings\listings.sty
\lst@mode=\count301
\lst@gtempboxa=\box62
\lst@token=\toks27
\lst@length=\count302
\lst@currlwidth=\dimen194
\lst@column=\count303
\lst@pos=\count304
\lst@lostspace=\dimen195
\lst@width=\dimen196
\lst@newlines=\count305
\lst@lineno=\count306
\lst@maxwidth=\dimen197

(C:\Users\sushi\AppData\Local\Programs\MiKTeX\tex/latex/listings\lstpatch.sty
File: lstpatch.sty 2025/11/14 1.11b (Carsten Heinz)
)
(C:\Users\sushi\AppData\Local\Programs\MiKTeX\tex/latex/listings\lstmisc.sty
File: lstmisc.sty 2025/11/14 1.11b (Carsten Heinz)
\c@lstnumber=\count307
\lst@skipnumbers=\count308
\lst@framebox=\box63
)
(C:\Users\sushi\AppData\Local\Programs\MiKTeX\tex/latex/listings\listings.cfg
File: listings.cfg 2025/11/14 1.11b listings configuration
))
Package: listings 2025/11/14 1.11b (Carsten Heinz)
==> First Aid for listings.sty no longer applied!
    Expected:
        2024/09/23 1.10c (Carsten Heinz)
    but found:
        2025/11/14 1.11b (Carsten Heinz)
    so I'm assuming it got fixed.
(D:\New folder\tex/latex/float\float.sty
Package: float 2001/11/08 v1.3d Float enhancements (AL)
\c@float@type=\count309
\float@exts=\toks28
\float@box=\box64
\@float@everytoks=\toks29
\@floatcapt=\box65
)
(C:\Users\sushi\AppData\Local\Programs\MiKTeX\tex/latex/hyperref\hyperref.sty
Package: hyperref 2025-07-12 v7.01o Hypertext links for LaTeX

(D:\New folder\tex/latex/kvsetkeys\kvsetkeys.sty
Package: kvsetkeys 2022-10-05 v1.19 Key value parser (HO)
)
(D:\New folder\tex/generic/kvdefinekeys\kvdefinekeys.sty
Package: kvdefinekeys 2019-12-19 v1.6 Define keys (HO)
)
(D:\New folder\tex/generic/pdfescape\pdfescape.sty
Package: pdfescape 2019/12/09 v1.15 Implements pdfTeX's escape features (HO)

(D:\New folder\tex/generic/ltxcmds\ltxcmds.sty
Package: ltxcmds 2023-12-04 v1.26 LaTeX kernel commands for general use (HO)
)
(C:\Users\sushi\AppData\Local\Programs\MiKTeX\tex/generic/pdftexcmds\pdftexcmds
.sty
Package: pdftexcmds 2020-06-27 v0.33 Utility functions of pdfTeX for LuaTeX (HO
)
 (D:\New folder\tex/generic/infwarerr\infwarerr.sty
Package: infwarerr 2019/12/03 v1.5 Providing info/warning/error messages (HO)
)
Package pdftexcmds Info: \pdf@primitive is available.
Package pdftexcmds Info: \pdf@ifprimitive is available.
Package pdftexcmds Info: \pdfdraftmode found.
))
(D:\New folder\tex/latex/hycolor\hycolor.sty
Package: hycolor 2020-01-27 v1.10 Color options for hyperref/bookmark (HO)
)
(C:\Users\sushi\AppData\Local\Programs\MiKTeX\tex/latex/hyperref\nameref.sty
Package: nameref 2025-06-21 v2.57 Cross-referencing by name of section

(D:\New folder\tex/latex/refcount\refcount.sty
Package: refcount 2019/12/15 v3.6 Data extraction from label references (HO)
)
(D:\New folder\tex/generic/gettitlestring\gettitlestring.sty
Package: gettitlestring 2019/12/15 v1.6 Cleanup title references (HO)

(D:\New folder\tex/latex/kvoptions\kvoptions.sty
Package: kvoptions 2022-06-15 v3.15 Key value format for package options (HO)
))
\c@section@level=\count310
)
(C:\Users\sushi\AppData\Local\Programs\MiKTeX\tex/latex/etoolbox\etoolbox.sty
Package: etoolbox 2025/10/02 v2.5m e-TeX tools for LaTeX (JAW)
\etb@tempcnta=\count311
)
(D:\New folder\tex/generic/stringenc\stringenc.sty
Package: stringenc 2019/11/29 v1.12 Convert strings between diff. encodings (HO
)
)
\@linkdim=\dimen198
\Hy@linkcounter=\count312
\Hy@pagecounter=\count313

(C:\Users\sushi\AppData\Local\Programs\MiKTeX\tex/latex/hyperref\pd1enc.def
File: pd1enc.def 2025-07-12 v7.01o Hyperref: PDFDocEncoding definition (HO)
Now handling font encoding PD1 ...
... no UTF-8 mapping file for font encoding PD1
)
(D:\New folder\tex/generic/intcalc\intcalc.sty
Package: intcalc 2019/12/15 v1.3 Expandable calculations with integers (HO)
)
\Hy@SavedSpaceFactor=\count314

(C:\Users\sushi\AppData\Local\Programs\MiKTeX\tex/latex/hyperref\puenc.def
File: puenc.def 2025-07-12 v7.01o Hyperref: PDF Unicode definition (HO)
Now handling font encoding PU ...
... no UTF-8 mapping file for font encoding PU
)
Package hyperref Info: Hyper figures OFF on input line 4195.
Package hyperref Info: Link nesting OFF on input line 4200.
Package hyperref Info: Hyper index ON on input line 4203.
Package hyperref Info: Plain pages OFF on input line 4210.
Package hyperref Info: Backreferencing OFF on input line 4215.
Package hyperref Info: Implicit mode ON; LaTeX internals redefined.
Package hyperref Info: Bookmarks ON on input line 4462.
\c@Hy@tempcnt=\count315

(C:\Users\sushi\AppData\Local\Programs\MiKTeX\tex/latex/url\url.sty
\Urlmuskip=\muskip17
Package: url 2013/09/16  ver 3.4  Verb mode for urls, etc.
)
LaTeX Info: Redefining \url on input line 4801.
\XeTeXLinkMargin=\dimen199

(D:\New folder\tex/generic/bitset\bitset.sty
Package: bitset 2019/12/09 v1.3 Handle bit-vector datatype (HO)

(D:\New folder\tex/generic/bigintcalc\bigintcalc.sty
Package: bigintcalc 2019/12/15 v1.5 Expandable calculations on big integers (HO
)
))
\Fld@menulength=\count316
\Field@Width=\dimen256
\Fld@charsize=\dimen257
Package hyperref Info: Hyper figures OFF on input line 6078.
Package hyperref Info: Link nesting OFF on input line 6083.
Package hyperref Info: Hyper index ON on input line 6086.
Package hyperref Info: backreferencing OFF on input line 6093.
Package hyperref Info: Link coloring OFF on input line 6098.
Package hyperref Info: Link coloring with OCG OFF on input line 6103.
Package hyperref Info: PDF/A mode OFF on input line 6108.
\Hy@abspage=\count317
\c@Item=\count318
\c@Hfootnote=\count319
)
Package hyperref Info: Driver (autodetected): hpdftex.

(C:\Users\sushi\AppData\Local\Programs\MiKTeX\tex/latex/hyperref\hpdftex.def
File: hpdftex.def 2025-07-12 v7.01o Hyperref driver for pdfTeX
\Fld@listcount=\count320
\c@bookmark@seq@number=\count321

(D:\New folder\tex/latex/rerunfilecheck\rerunfilecheck.sty
Package: rerunfilecheck 2025-06-21 v1.11 Rerun checks for auxiliary files (HO)

(D:\New folder\tex/generic/uniquecounter\uniquecounter.sty
Package: uniquecounter 2019/12/15 v1.4 Provide unlimited unique counter (HO)
)
Package uniquecounter Info: New unique counter `rerunfilecheck' on input line 2
84.
)
\Hy@SectionHShift=\skip74
)
Package hyperref Info: Option `colorlinks' set `true' on input line 53.
LaTeX Font Info:    Trying to load font information for T1+lmr on input line 12
3.

(C:\Users\sushi\AppData\Local\Programs\MiKTeX\tex/latex/lm\t1lmr.fd
File: t1lmr.fd 2015/05/01 v1.6.1 Font defs for Latin Modern
)
(C:\Users\sushi\AppData\Local\Programs\MiKTeX\tex/latex/l3backend\l3backend-pdf
tex.def
File: l3backend-pdftex.def 2025-10-09 L3 backend support: PDF output (pdfTeX)
\l__color_backend_stack_int=\count322
) (FinPilot-Codveda-Internship-Documentation.aux)
\openout1 = `FinPilot-Codveda-Internship-Documentation.aux'.

LaTeX Font Info:    Checking defaults for OML/cmm/m/it on input line 123.
LaTeX Font Info:    ... okay on input line 123.
LaTeX Font Info:    Checking defaults for OMS/cmsy/m/n on input line 123.
LaTeX Font Info:    ... okay on input line 123.
LaTeX Font Info:    Checking defaults for OT1/cmr/m/n on input line 123.
LaTeX Font Info:    ... okay on input line 123.
LaTeX Font Info:    Checking defaults for T1/cmr/m/n on input line 123.
LaTeX Font Info:    ... okay on input line 123.
LaTeX Font Info:    Checking defaults for TS1/cmr/m/n on input line 123.
LaTeX Font Info:    ... okay on input line 123.
LaTeX Font Info:    Checking defaults for OMX/cmex/m/n on input line 123.
LaTeX Font Info:    ... okay on input line 123.
LaTeX Font Info:    Checking defaults for U/cmr/m/n on input line 123.
LaTeX Font Info:    ... okay on input line 123.
LaTeX Font Info:    Checking defaults for PD1/pdf/m/n on input line 123.
LaTeX Font Info:    ... okay on input line 123.
LaTeX Font Info:    Checking defaults for PU/pdf/m/n on input line 123.
LaTeX Font Info:    ... okay on input line 123.

*geometry* driver: auto-detecting
*geometry* detected driver: pdftex
*geometry* verbose mode - [ preamble ] result:
* driver: pdftex
* paper: a4paper
* layout: <same size as paper>
* layoutoffset:(h,v)=(0.0pt,0.0pt)
* modes: 
* h-part:(L,W,R)=(72.26999pt, 452.9679pt, 72.26999pt)
* v-part:(T,H,B)=(72.26999pt, 700.50687pt, 72.26999pt)
* \paperwidth=597.50787pt
* \paperheight=845.04684pt
* \textwidth=452.9679pt
* \textheight=700.50687pt
* \oddsidemargin=0.0pt
* \evensidemargin=0.0pt
* \topmargin=-40.0pt
* \headheight=15.0pt
* \headsep=25.0pt
* \topskip=11.0pt
* \footskip=30.0pt
* \marginparwidth=50.0pt
* \marginparsep=10.0pt
* \columnsep=10.0pt
* \skip\footins=10.0pt plus 4.0pt minus 2.0pt
* \hoffset=0.0pt
* \voffset=0.0pt
* \mag=1000
* \@twocolumnfalse
* \@twosidefalse
* \@mparswitchfalse
* \@reversemarginfalse
* (1in=72.27pt=25.4mm, 1cm=28.453pt)


(C:\Users\sushi\AppData\Local\Programs\MiKTeX\tex/context/base/mkii\supp-pdf.mk
ii
[Loading MPS to PDF converter (version 2006.09.02).]
\scratchcounter=\count323
\scratchdimen=\dimen258
\scratchbox=\box66
\nofMPsegments=\count324
\nofMParguments=\count325
\everyMPshowfont=\toks30
\MPscratchCnt=\count326
\MPscratchDim=\dimen259
\MPnumerator=\count327
\makeMPintoPDFobject=\count328
\everyMPtoPDFconversion=\toks31
)
(C:\Users\sushi\AppData\Local\Programs\MiKTeX\tex/latex/epstopdf-pkg\epstopdf-b
ase.sty
Package: epstopdf-base 2020-01-24 v2.11 Base part for package epstopdf
Package epstopdf-base Info: Redefining graphics rule for `.eps' on input line 4
85.

(C:\Users\sushi\AppData\Local\Programs\MiKTeX\tex/latex/00miktex\epstopdf-sys.c
fg
File: epstopdf-sys.cfg 2021/03/18 v2.0 Configuration of epstopdf for MiKTeX
))
Package caption Info: Begin \AtBeginDocument code.
Package caption Info: float package is loaded.
Package caption Info: hyperref package is loaded.
Package caption Info: listings package is loaded.
Package caption Info: End \AtBeginDocument code.
\c@lstlisting=\count329
Package hyperref Info: Link coloring ON on input line 123.
 (FinPilot-Codveda-Internship-Documentation.out)
(FinPilot-Codveda-Internship-Documentation.out)
\@outlinefile=\write3
\openout3 = `FinPilot-Codveda-Internship-Documentation.out'.

LaTeX Font Info:    Trying to load font information for OT1+lmr on input line 1
39.

(C:\Users\sushi\AppData\Local\Programs\MiKTeX\tex/latex/lm\ot1lmr.fd
File: ot1lmr.fd 2015/05/01 v1.6.1 Font defs for Latin Modern
)
LaTeX Font Info:    Trying to load font information for OML+lmm on input line 1
39.

(C:\Users\sushi\AppData\Local\Programs\MiKTeX\tex/latex/lm\omllmm.fd
File: omllmm.fd 2015/05/01 v1.6.1 Font defs for Latin Modern
)
LaTeX Font Info:    Trying to load font information for OMS+lmsy on input line 
139.

(C:\Users\sushi\AppData\Local\Programs\MiKTeX\tex/latex/lm\omslmsy.fd
File: omslmsy.fd 2015/05/01 v1.6.1 Font defs for Latin Modern
)
LaTeX Font Info:    Trying to load font information for OMX+lmex on input line 
139.

(C:\Users\sushi\AppData\Local\Programs\MiKTeX\tex/latex/lm\omxlmex.fd
File: omxlmex.fd 2015/05/01 v1.6.1 Font defs for Latin Modern
)
LaTeX Font Info:    External font `lmex10' loaded for size
(Font)              <10.95> on input line 139.
LaTeX Font Info:    External font `lmex10' loaded for size
(Font)              <8> on input line 139.
LaTeX Font Info:    External font `lmex10' loaded for size
(Font)              <6> on input line 139.
LaTeX Font Info:    Trying to load font information for T1+lmtt on input line 1
49.

(C:\Users\sushi\AppData\Local\Programs\MiKTeX\tex/latex/lm\t1lmtt.fd
File: t1lmtt.fd 2015/05/01 v1.6.1 Font defs for Latin Modern
)
Overfull \hbox (22.54326pt too wide) in paragraph at lines 148--153
 [][] 
 []

[1

{C:/Users/sushi/AppData/Local/MiKTeX/fonts/map/pdftex/pdftex.map}{C:/Users/sush
i/AppData/Local/Programs/MiKTeX/fonts/enc/dvips/lm/lm-ec.enc}]
(FinPilot-Codveda-Internship-Documentation.toc [1

])
\tf@toc=\write4
\openout4 = `FinPilot-Codveda-Internship-Documentation.toc'.

 [2]
Chapter 1.
LaTeX Font Info:    Trying to load font information for TS1+lmr on input line 1
85.
(C:\Users\sushi\AppData\Local\Programs\MiKTeX\tex/latex/lm\ts1lmr.fd
File: ts1lmr.fd 2015/05/01 v1.6.1 Font defs for Latin Modern
)
LaTeX Font Info:    External font `lmex10' loaded for size
(Font)              <12> on input line 206.
LaTeX Font Info:    External font `lmex10' loaded for size
(Font)              <10> on input line 207.
LaTeX Font Info:    External font `lmex10' loaded for size
(Font)              <7> on input line 207.
LaTeX Font Info:    External font `lmex10' loaded for size
(Font)              <5> on input line 207.

pdfTeX warning (ext4): destination with the same identifier (name{page.1}) has 
been already used, duplicate ignored
<to be read again> 
                   \relax 
l.226 
       [1


{C:/Users/sushi/AppData/Local/Programs/MiKTeX/fonts/enc/dvips/lm/lm-ts1.enc}{C:
/Users/sushi/AppData/Local/Programs/MiKTeX/fonts/enc/dvips/lm/lm-mathsy.enc}]
(C:\Users\sushi\AppData\Local\Programs\MiKTeX\tex/latex/listings\lstlang1.sty
File: lstlang1.sty 2025/11/14 1.11b listings language file
)
(C:\Users\sushi\AppData\Local\Programs\MiKTeX\tex/latex/listings\lstlang1.sty
File: lstlang1.sty 2025/11/14 1.11b listings language file
)
Package hyperref Info: bookmark level for unknown lstlisting defaults to 0 on i
nput line 238.

[2]
Chapter 2.

Overfull \hbox (20.0219pt too wide) in paragraph at lines 293--297
\T1/lmr/m/n/10.95 The project repos-i-tory is hosted on GitHub at [][]$\T1/lmtt
/m/n/10.95 https : / / github . com / Sushil-[]Bhatta-[]sb / finpilot$[][]\T1/l
mr/m/n/10.95 .
 []

<../screenshots/level-1/tool-versions.png, id=454, 325.71687pt x 141.52875pt>
File: ../screenshots/level-1/tool-versions.png Graphic file (type png)
<use ../screenshots/level-1/tool-versions.png>
Package pdftex.def Info: ../screenshots/level-1/tool-versions.png  used on inpu
t line 299.
(pdftex.def)             Requested size: 362.37569pt x 157.4702pt.
<../screenshots/level-1/mongo-connected.png, id=456, 487.8225pt x 216.81pt>
File: ../screenshots/level-1/mongo-connected.png Graphic file (type png)
<use ../screenshots/level-1/mongo-connected.png>
Package pdftex.def Info: ../screenshots/level-1/mongo-connected.png  used on in
put line 300.
(pdftex.def)             Requested size: 362.37569pt x 161.05553pt.
[3

 <../screenshots/level-1/tool-versions.png>] [4 <../screenshots/level-1/mongo-c
onnected.png>]
Overfull \hbox (104.85278pt too wide) in paragraph at lines 346--353
\T1/lmtt/m/n/10.95 postman/finpilot-level1.postman_collection.json\T1/lmr/m/n/1
0.95 ; the \T1/lmtt/m/n/10.95 baseUrl \T1/lmr/m/n/10.95 vari-able is set to \T1
/lmtt/m/n/10.95 http://localhost:5000/api
 []

<../screenshots/level-1/create-income.png, id=472, 698.61pt x 274.02374pt>
File: ../screenshots/level-1/create-income.png Graphic file (type png)
<use ../screenshots/level-1/create-income.png>
Package pdftex.def Info: ../screenshots/level-1/create-income.png  used on inpu
t line 354.
(pdftex.def)             Requested size: 385.02547pt x 151.02293pt.
<../screenshots/level-1/get-income.png, id=473, 692.5875pt x 408.02437pt>
File: ../screenshots/level-1/get-income.png Graphic file (type png)
<use ../screenshots/level-1/get-income.png>
Package pdftex.def Info: ../screenshots/level-1/get-income.png  used on input l
ine 355.
(pdftex.def)             Requested size: 385.02547pt x 226.83598pt.
<../screenshots/level-1/update-income.png, id=474, 664.4825pt x 286.06876pt>
File: ../screenshots/level-1/update-income.png Graphic file (type png)
<use ../screenshots/level-1/update-income.png>
Package pdftex.def Info: ../screenshots/level-1/update-income.png  used on inpu
t line 356.
(pdftex.def)             Requested size: 385.02547pt x 165.75848pt.
<../screenshots/level-1/delete-income.png, id=475, 676.5275pt x 233.87375pt>
File: ../screenshots/level-1/delete-income.png Graphic file (type png)
<use ../screenshots/level-1/delete-income.png>
Package pdftex.def Info: ../screenshots/level-1/delete-income.png  used on inpu
t line 357.
(pdftex.def)             Requested size: 385.02547pt x 133.10599pt.
[5 <../screenshots/level-1/create-income.png> <../screenshots/level-1/get-incom
e.png>]
<../screenshots/level-1/create-expense.png, id=484, 703.12688pt x 319.1925pt>
File: ../screenshots/level-1/create-expense.png Graphic file (type png)
<use ../screenshots/level-1/create-expense.png>
Package pdftex.def Info: ../screenshots/level-1/create-expense.png  used on inp
ut line 358.
(pdftex.def)             Requested size: 385.02547pt x 174.782pt.
<../screenshots/level-1/error-invalid-id.png, id=485, 702.12312pt x 283.55937pt
>
File: ../screenshots/level-1/error-invalid-id.png Graphic file (type png)
<use ../screenshots/level-1/error-invalid-id.png>
Package pdftex.def Info: ../screenshots/level-1/error-invalid-id.png  used on i
nput line 359.
(pdftex.def)             Requested size: 385.02547pt x 155.4995pt.
 [6 <../screenshots/level-1/update-income.png> <../screenshots/level-1/delete-i
ncome.png> <../screenshots/level-1/create-expense.png>] [7 <../screenshots/leve
l-1/error-invalid-id.png>]
Chapter 3.
[8

]
<../screenshots/level-2/login.png, id=508, 651.93562pt x 394.97563pt>
File: ../screenshots/level-2/login.png Graphic file (type png)
<use ../screenshots/level-2/login.png>
Package pdftex.def Info: ../screenshots/level-2/login.png  used on input line 4
40.
(pdftex.def)             Requested size: 362.37569pt x 219.55156pt.
<../screenshots/level-2/register.png, id=509, 678.03313pt x 417.05812pt>
File: ../screenshots/level-2/register.png Graphic file (type png)
<use ../screenshots/level-2/register.png>
Package pdftex.def Info: ../screenshots/level-2/register.png  used on input lin
e 441.
(pdftex.def)             Requested size: 362.37569pt x 222.8916pt.
<../screenshots/level-2/dashboard.png, id=510, 695.59875pt x 420.06938pt>
File: ../screenshots/level-2/dashboard.png Graphic file (type png)
<use ../screenshots/level-2/dashboard.png>
Package pdftex.def Info: ../screenshots/level-2/dashboard.png  used on input li
ne 442.
(pdftex.def)             Requested size: 385.02547pt x 232.5131pt.
 [9 <../screenshots/level-2/login.png>] [10 <../screenshots/level-2/register.pn
g> <../screenshots/level-2/dashboard.png>]
(C:\Users\sushi\AppData\Local\Programs\MiKTeX\tex/latex/listings\lstlang1.sty
File: lstlang1.sty 2025/11/14 1.11b listings language file
)
LaTeX Font Info:    Font shape `T1/lmtt/bx/n' in size <9> not available
(Font)              Font shape `T1/lmtt/b/n' tried instead on input line 483.

Overfull \hbox (48.16136pt too wide) in paragraph at lines 503--510
\T1/lmr/m/n/10.95 The \T1/lmtt/m/n/10.95 User \T1/lmr/m/n/10.95 model has a \T1
/lmtt/m/n/10.95 role \T1/lmr/m/n/10.95 field (\T1/lmtt/m/n/10.95 enum: ['user',
 'admin']\T1/lmr/m/n/10.95 , de-fault \T1/lmtt/m/n/10.95 user\T1/lmr/m/n/10.95 
). The \T1/lmtt/m/n/10.95 authorize(...roles)
 []


Overfull \hbox (6.88701pt too wide) in paragraph at lines 503--510
\T1/lmtt/m/n/10.95 /api/auth/users \T1/lmr/m/n/10.95 is guarded by \T1/lmtt/m/n
/10.95 protect, authorize('admin')\T1/lmr/m/n/10.95 . On the fron-tend, \T1/lmt
t/m/n/10.95 AuthContext
 []

<../screenshots/level-2/auth-register.png, id=542, 467.24562pt x 422.07687pt>
File: ../screenshots/level-2/auth-register.png Graphic file (type png)
<use ../screenshots/level-2/auth-register.png>
Package pdftex.def Info: ../screenshots/level-2/auth-register.png  used on inpu
t line 521.
(pdftex.def)             Requested size: 385.02547pt x 347.8184pt.
[11]
<../screenshots/level-2/auth-login.png, id=558, 459.7175pt x 438.63875pt>
File: ../screenshots/level-2/auth-login.png Graphic file (type png)
<use ../screenshots/level-2/auth-login.png>
Package pdftex.def Info: ../screenshots/level-2/auth-login.png  used on input l
ine 522.
(pdftex.def)             Requested size: 385.02547pt x 367.38983pt.
<../screenshots/level-2/auth-401.png, id=559, 463.7325pt x 397.485pt>
File: ../screenshots/level-2/auth-401.png Graphic file (type png)
<use ../screenshots/level-2/auth-401.png>
Package pdftex.def Info: ../screenshots/level-2/auth-401.png  used on input lin
e 523.
(pdftex.def)             Requested size: 385.02547pt x 330.0277pt.
 [12 <../screenshots/level-2/auth-register.png>] [13 <../screenshots/level-2/au
th-login.png>] [14 <../screenshots/level-2/auth-401.png>] [15]
<../screenshots/level-2/db-connected.png, id=585, 394.97563pt x 224.84pt>
File: ../screenshots/level-2/db-connected.png Graphic file (type png)
<use ../screenshots/level-2/db-connected.png>
Package pdftex.def Info: ../screenshots/level-2/db-connected.png  used on input
 line 617.
(pdftex.def)             Requested size: 385.02547pt x 219.17865pt.
<../screenshots/level-2/db-create.png, id=586, 456.70625pt x 431.11063pt>
File: ../screenshots/level-2/db-create.png Graphic file (type png)
<use ../screenshots/level-2/db-create.png>
Package pdftex.def Info: ../screenshots/level-2/db-create.png  used on input li
ne 618.
(pdftex.def)             Requested size: 385.02547pt x 363.45924pt.
<../screenshots/level-2/db-validation-error.png, id=587, 465.74pt x 416.05438pt
>
File: ../screenshots/level-2/db-validation-error.png Graphic file (type png)
<use ../screenshots/level-2/db-validation-error.png>
Package pdftex.def Info: ../screenshots/level-2/db-validation-error.png  used o
n input line 619.
(pdftex.def)             Requested size: 385.02547pt x 343.96013pt.
 [16 <../screenshots/level-2/db-connected.png>] [17 <../screenshots/level-2/db-
create.png>]
[18 <../screenshots/level-2/db-validation-error.png>]
Chapter 4.

Overfull \hbox (40.72884pt too wide) in paragraph at lines 671--674
[]\T1/lmr/bx/n/10.95 Grouped sec-tions: \T1/lmr/m/n/10.95 Overview, Money (In-c
ome/Expenses/Budgets), Growth (Sav-ings/Investments),
 []

[19

]
<../screenshots/level-3/dashboard.png, id=615, 953.5625pt x 456.20438pt>
File: ../screenshots/level-3/dashboard.png Graphic file (type png)
<use ../screenshots/level-3/dashboard.png>
Package pdftex.def Info: ../screenshots/level-3/dashboard.png  used on input li
ne 689.
(pdftex.def)             Requested size: 407.66833pt x 195.03635pt.
<../screenshots/level-3/sidebar-collapsed.png, id=616, 897.3525pt x 414.54875pt
>
File: ../screenshots/level-3/sidebar-collapsed.png Graphic file (type png)
<use ../screenshots/level-3/sidebar-collapsed.png>
Package pdftex.def Info: ../screenshots/level-3/sidebar-collapsed.png  used on 
input line 690.
(pdftex.def)             Requested size: 407.66833pt x 188.329pt.
<../screenshots/level-3/budgets.png, id=617, 959.585pt x 272.51813pt>
File: ../screenshots/level-3/budgets.png Graphic file (type png)
<use ../screenshots/level-3/budgets.png>
Package pdftex.def Info: ../screenshots/level-3/budgets.png  used on input line
 691.
(pdftex.def)             Requested size: 407.66833pt x 115.77501pt.
<../screenshots/level-3/savings.png, id=618, 954.56625pt x 447.17062pt>
File: ../screenshots/level-3/savings.png Graphic file (type png)
<use ../screenshots/level-3/savings.png>
Package pdftex.def Info: ../screenshots/level-3/savings.png  used on input line
 692.
(pdftex.def)             Requested size: 407.66833pt x 190.96954pt.
 [20 <../screenshots/level-3/dashboard.png> <../screenshots/level-3/sidebar-col
lapsed.png>]
<../screenshots/level-3/investments.png, id=627, 962.59625pt x 452.18938pt>
File: ../screenshots/level-3/investments.png Graphic file (type png)
<use ../screenshots/level-3/investments.png>
Package pdftex.def Info: ../screenshots/level-3/investments.png  used on input 
line 693.
(pdftex.def)             Requested size: 407.66833pt x 191.5052pt.
<../screenshots/level-3/transactions.png, id=628, 961.09062pt x 459.21562pt>
File: ../screenshots/level-3/transactions.png Graphic file (type png)
<use ../screenshots/level-3/transactions.png>
Package pdftex.def Info: ../screenshots/level-3/transactions.png  used on input
 line 694.
(pdftex.def)             Requested size: 407.66833pt x 194.78917pt.
<../screenshots/level-3/admin-panel.png, id=629, 950.55125pt x 451.6875pt>
File: ../screenshots/level-3/admin-panel.png Graphic file (type png)
<use ../screenshots/level-3/admin-panel.png>
Package pdftex.def Info: ../screenshots/level-3/admin-panel.png  used on input 
line 695.
(pdftex.def)             Requested size: 407.66833pt x 193.7187pt.
 [21 <../screenshots/level-3/budgets.png> <../screenshots/level-3/savings.png> 
<../screenshots/level-3/investments.png>]
<../screenshots/level-3/dark-theme.png, id=640, 950.04938pt x 448.67625pt>
File: ../screenshots/level-3/dark-theme.png Graphic file (type png)
<use ../screenshots/level-3/dark-theme.png>
Package pdftex.def Info: ../screenshots/level-3/dark-theme.png  used on input l
ine 696.
(pdftex.def)             Requested size: 407.66833pt x 192.52994pt.
 [22 <../screenshots/level-3/transactions.png> <../screenshots/level-3/admin-pa
nel.png> <../screenshots/level-3/dark-theme.png>] [23]
<../screenshots/level-3/live-notification.png, id=669, 962.59625pt x 435.6275pt
>
File: ../screenshots/level-3/live-notification.png Graphic file (type png)
<use ../screenshots/level-3/live-notification.png>
Package pdftex.def Info: ../screenshots/level-3/live-notification.png  used on 
input line 787.
(pdftex.def)             Requested size: 385.02547pt x 174.24126pt.
<../screenshots/level-3/notification-bell.png, id=670, 312.16624pt x 279.0425pt
>
File: ../screenshots/level-3/notification-bell.png Graphic file (type png)
<use ../screenshots/level-3/notification-bell.png>
Package pdftex.def Info: ../screenshots/level-3/notification-bell.png  used on 
input line 788.
(pdftex.def)             Requested size: 385.02547pt x 344.17824pt.
<../screenshots/level-3/socket-connection.png, id=671, 558.58687pt x 397.485pt>

File: ../screenshots/level-3/socket-connection.png Graphic file (type png)
<use ../screenshots/level-3/socket-connection.png>
Package pdftex.def Info: ../screenshots/level-3/socket-connection.png  used on 
input line 789.
(pdftex.def)             Requested size: 385.02547pt x 273.98595pt.
 [24 <../screenshots/level-3/live-notification.png>] [25 <../screenshots/level-
3/notification-bell.png> <../screenshots/level-3/socket-connection.png>] [26]
Chapter 5.

Overfull \hbox (29.42238pt too wide) in alignment at lines 804--808
 [] [] [] [] 
 []


Overfull \hbox (29.42238pt too wide) in alignment at lines 808--812
 [] [] [] [] 
 []


Overfull \hbox (29.42238pt too wide) in alignment at lines 812--814
 [] [] [] [] 
 []


Overfull \hbox (1.04654pt too wide) in paragraph at lines 833--833
[]|\T1/lmr/m/n/10.95 /api/transactions/export/csv|  
 []


Overfull \hbox (1.89763pt too wide) in paragraph at lines 834--834
[]|\T1/lmr/m/n/10.95 /api/transactions/export/pdf|  
 []


Overfull \hbox (29.42238pt too wide) in alignment at lines 814--843
 [] [] [] [] 
 []

ignored error: Infinite glue shrinkage found in box being split [27

] [28]
Chapter 6.
[29

]
Chapter 7.

Underfull \hbox (badness 5064) in paragraph at lines 883--883
[]|\T1/lmr/m/n/10.95 Render (\T1/lmtt/m/n/10.95 render.yaml \T1/lmr/m/n/10.95 b
lueprint; env vars \T1/lmtt/m/n/10.95 MONGO_URI\T1/lmr/m/n/10.95 , \T1/lmtt/m/n
/10.95 JWT_SECRET\T1/lmr/m/n/10.95 ,
 []


Overfull \hbox (0.39728pt too wide) in paragraph at lines 889--890
[]\T1/lmr/m/n/10.95 Frontend: [][]$\T1/lmtt/m/n/10.95 https : / / finpilot-[]oi
ek-[]q4zxkmfqt-[]sushil-[]bhattas-[]projects . vercel . app/$[][] 
 []

[30

]
Chapter 8.
[31

] (FinPilot-Codveda-Internship-Documentation.aux)
 ***********
LaTeX2e <2025-11-01>
L3 programming layer <2025-12-24>
 ***********
Package rerunfilecheck Info: File `FinPilot-Codveda-Internship-Documentation.ou
t' has not changed.
(rerunfilecheck)             Checksum: 21F76B15421C39F54F5CBB56C8761550;11975.
 ) 
Here is how much of TeX's memory you used:
 14916 strings out of 467871
 239163 string characters out of 5418376
 948852 words of memory out of 5000000
 43369 multiletter control sequences out of 15000+600000
 699723 words of font info for 85 fonts, out of 8000000 for 9000
 1141 hyphenation exceptions out of 8191
 75i,13n,79p,385b,1274s stack positions out of 10000i,1000n,20000p,200000b,200000s
<C:/Users/sushi/AppData/Local/Programs/MiKTeX/fonts/type1/public/lm/lmbx10.pf
b><C:/Users/sushi/AppData/Local/Programs/MiKTeX/fonts/type1/public/lm/lmbx12.pf
b><C:/Users/sushi/AppData/Local/Programs/MiKTeX/fonts/type1/public/lm/lmr10.pfb
><C:/Users/sushi/AppData/Local/Programs/MiKTeX/fonts/type1/public/lm/lmr12.pfb>
<C:/Users/sushi/AppData/Local/Programs/MiKTeX/fonts/type1/public/lm/lmr17.pfb><
C:/Users/sushi/AppData/Local/Programs/MiKTeX/fonts/type1/public/lm/lmr6.pfb><C:
/Users/sushi/AppData/Local/Programs/MiKTeX/fonts/type1/public/lm/lmri10.pfb><C:
/Users/sushi/AppData/Local/Programs/MiKTeX/fonts/type1/public/lm/lmsy10.pfb><C:
/Users/sushi/AppData/Local/Programs/MiKTeX/fonts/type1/public/lm/lmtk10.pfb><C:
/Users/sushi/AppData/Local/Programs/MiKTeX/fonts/type1/public/lm/lmtt10.pfb><C:
/Users/sushi/AppData/Local/Programs/MiKTeX/fonts/type1/public/lm/lmtt9.pfb><C:/
Users/sushi/AppData/Local/Programs/MiKTeX/fonts/type1/public/lm/lmtti10.pfb>
Output written on FinPilot-Codveda-Internship-Documentation.pdf (34 pages, 1945
086 bytes).
PDF statistics:
 837 PDF objects out of 1000 (max. 8388607)
 233 named destinations out of 1000 (max. 500000)
 765 words of extra memory for PDF output out of 10000 (max. 10000000)

